May-16 03:20:52.048 [main] DEBUG nextflow.cli.Launcher - $> nextflow run main.nf -profile local
May-16 03:20:52.218 [main] DEBUG nextflow.cli.CmdRun - N E X T F L O W  ~  version 26.04.1
May-16 03:20:52.245 [main] DEBUG nextflow.plugin.PluginsFacade - Setting up plugin manager > mode=prod; embedded=false; plugins-dir=/home/ec2-user/.nextflow/plugins; core-plugins: nf-amazon@3.9.1,nf-azure@1.22.3,nf-cloudcache@0.6.0,nf-codecommit@0.5.2,nf-console@1.3.0,nf-google@1.27.2,nf-k8s@1.5.2,nf-seqera@0.19.1,nf-tower@1.27.0,nf-wave@1.20.0
May-16 03:20:52.286 [main] INFO  o.pf4j.DefaultPluginStatusProvider - Enabled plugins: []
May-16 03:20:52.287 [main] INFO  o.pf4j.DefaultPluginStatusProvider - Disabled plugins: []
May-16 03:20:52.291 [main] INFO  org.pf4j.DefaultPluginManager - PF4J version 3.14.1 in 'deployment' mode
May-16 03:20:52.316 [main] DEBUG nextflow.util.RetryConfig - Missing nextflow session - using default retry config
May-16 03:20:52.536 [main] DEBUG nextflow.plugin.PluginUpdater - Using plugin repository: HttpPluginRepository [registry]; url=https://registry.nextflow.io/api
May-16 03:20:52.542 [main] INFO  org.pf4j.AbstractPluginManager - No plugins
May-16 03:20:52.604 [main] DEBUG nextflow.config.ConfigBuilder - Found config local: /home/ec2-user/projects/nextflow_pipeline/nextflow.config
May-16 03:20:52.607 [main] DEBUG nextflow.config.ConfigBuilder - Parsing config file: /home/ec2-user/projects/nextflow_pipeline/nextflow.config
May-16 03:20:52.612 [main] DEBUG nextflow.config.ConfigParserFactory - Using config parser v2
May-16 03:20:52.641 [main] DEBUG nextflow.config.ConfigBuilder - Applying config profile: `local`
May-16 03:20:53.271 [main] DEBUG nextflow.config.ConfigBuilder - Available config profiles: [local, aws]
May-16 03:20:53.327 [main] DEBUG nextflow.plugin.PluginsFacade - Plugins default=[]
May-16 03:20:53.328 [main] DEBUG nextflow.plugin.PluginsFacade - Plugins resolved requirement=[]
May-16 03:20:53.353 [main] DEBUG n.secret.LocalSecretsProvider - Secrets store: /home/ec2-user/.nextflow/secrets/store.json
May-16 03:20:53.360 [main] DEBUG nextflow.secret.SecretsLoader - Discovered secrets providers: [nextflow.secret.LocalSecretsProvider@21505815] - activable => nextflow.secret.LocalSecretsProvider@21505815
May-16 03:20:53.379 [main] DEBUG nextflow.cli.CmdRun - Launching `main.nf` [confident_picasso] - revision: 8f434ef903
May-16 03:20:53.517 [main] DEBUG nextflow.Session - Session UUID: 4887ace2-c58c-4a1c-ab43-72f866605986
May-16 03:20:53.518 [main] DEBUG nextflow.Session - Run name: confident_picasso
May-16 03:20:53.519 [main] DEBUG nextflow.Session - Executor pool size: 2
May-16 03:20:53.536 [main] DEBUG nextflow.file.FilePorter - File porter settings maxRetries=3; maxTransfers=50; pollTimeout=null
May-16 03:20:53.551 [main] DEBUG nextflow.util.ThreadPoolBuilder - Creating thread pool 'FileTransfer' minSize=10; maxSize=10; workQueue=LinkedBlockingQueue[-1]; allowCoreThreadTimeout=false
May-16 03:20:53.584 [main] DEBUG nextflow.cli.CmdRun - 
  Version: 26.04.1 build 12112
  Created: 11-05-2026 13:29 UTC 
  System: Linux 6.1.170-210.320.amzn2023.x86_64
  Runtime: Groovy 4.0.31 on OpenJDK 64-Bit Server VM 26.0.1+8-FR
  Encoding: UTF-8 (UTF-8)
  Process: 14079@ip-172-31-24-54.ec2.internal [172.31.24.54]
  CPUs: 2 - Mem: 7.6 GB (6.5 GB) - Swap: 2 GB (2 GB)
May-16 03:20:53.618 [main] DEBUG nextflow.Session - Work-dir: /home/ec2-user/projects/nextflow_pipeline/work [xfs]
May-16 03:20:53.678 [main] DEBUG nextflow.executor.ExecutorFactory - Extension executors providers=[]
May-16 03:20:53.691 [main] DEBUG nextflow.Session - Observer factory (v2): LinObserverFactory
May-16 03:20:53.693 [main] DEBUG nextflow.Session - Observer factory (v2): DefaultObserverFactory
May-16 03:20:53.771 [main] DEBUG nextflow.cache.CacheFactory - Using Nextflow cache factory: nextflow.cache.DefaultCacheFactory
May-16 03:20:53.785 [main] DEBUG nextflow.util.CustomThreadPool - Creating default thread pool > poolSize: 3; maxThreads: 1000
May-16 03:20:53.851 [main] DEBUG nextflow.Session - Session start
May-16 03:20:53.857 [main] DEBUG nextflow.script.ScriptLoaderFactory - Using script parser v2
May-16 03:20:54.186 [main] DEBUG nextflow.script.ScriptRunner - > Launching execution
May-16 03:20:54.295 [main] INFO  nextflow.Nextflow - Starting RNA-seq DESeq2 Pipeline — Ravi Pandey
May-16 03:20:54.348 [main] DEBUG nextflow.executor.ExecutorFactory - << taskConfig executor: local
May-16 03:20:54.349 [main] DEBUG nextflow.executor.ExecutorFactory - >> processorType: 'local'
May-16 03:20:54.359 [main] DEBUG nextflow.executor.Executor - [warm up] executor > local
May-16 03:20:54.367 [main] DEBUG n.processor.LocalPollingMonitor - Creating local task monitor for executor 'local' > cpus=2; memory=7.6 GB; capacity=2; pollInterval=100ms; dumpInterval=5m
May-16 03:20:54.368 [main] DEBUG n.processor.TaskPollingMonitor - >>> barrier register (monitor: local)
May-16 03:20:54.407 [main] DEBUG nextflow.processor.TaskProcessor - Creating process 'DOWNLOAD_COUNTS': maxForks=0; fair=false; array=0
May-16 03:20:54.478 [main] DEBUG nextflow.executor.ExecutorFactory - << taskConfig executor: local
May-16 03:20:54.478 [main] DEBUG nextflow.executor.ExecutorFactory - >> processorType: 'local'
May-16 03:20:54.480 [main] DEBUG nextflow.processor.TaskProcessor - Creating process 'RUN_DESEQ2': maxForks=0; fair=false; array=0
May-16 03:20:54.487 [main] DEBUG nextflow.executor.ExecutorFactory - << taskConfig executor: local
May-16 03:20:54.487 [main] DEBUG nextflow.executor.ExecutorFactory - >> processorType: 'local'
May-16 03:20:54.488 [main] DEBUG nextflow.processor.TaskProcessor - Creating process 'UPLOAD_RESULTS': maxForks=0; fair=false; array=0
May-16 03:20:54.493 [main] INFO  nextflow.Nextflow - Pipeline submitted!
May-16 03:20:54.504 [main] DEBUG nextflow.Session - Process names: UPLOAD_RESULTS, DOWNLOAD_COUNTS, RUN_DESEQ2
May-16 03:20:54.506 [main] DEBUG nextflow.Session - Igniting dataflow network (3)
May-16 03:20:54.507 [main] DEBUG nextflow.processor.TaskProcessor - Starting process > DOWNLOAD_COUNTS
May-16 03:20:54.507 [main] DEBUG nextflow.processor.TaskProcessor - Starting process > RUN_DESEQ2
May-16 03:20:54.514 [main] DEBUG nextflow.processor.TaskProcessor - Starting process > UPLOAD_RESULTS
May-16 03:20:54.515 [main] DEBUG nextflow.script.ScriptRunner - Parsed script files:
  Main: /home/ec2-user/projects/nextflow_pipeline/main.nf
May-16 03:20:54.515 [main] DEBUG nextflow.script.ScriptRunner - > Awaiting termination 
May-16 03:20:54.515 [main] DEBUG nextflow.Session - Session await
May-16 03:20:54.659 [Task submitter] DEBUG n.executor.local.LocalTaskHandler - Launch cmd line: /bin/bash -ue .command.run
May-16 03:20:54.661 [Task submitter] INFO  nextflow.Session - [a3/903c8c] Submitted process > DOWNLOAD_COUNTS (Downloading counts matrix)
May-16 03:20:55.617 [Task monitor] DEBUG n.processor.TaskPollingMonitor - Task completed > TaskHandler[id: 1; name: DOWNLOAD_COUNTS (Downloading counts matrix); status: COMPLETED; exit: 0; error: -; workDir: /home/ec2-user/projects/nextflow_pipeline/work/a3/903c8ce2e55d484aacaf7125156a13]
May-16 03:20:55.618 [Task monitor] DEBUG nextflow.util.ThreadPoolBuilder - Creating thread pool 'TaskFinalizer' minSize=10; maxSize=10; workQueue=LinkedBlockingQueue[-1]; allowCoreThreadTimeout=false
May-16 03:20:55.682 [Task submitter] DEBUG n.executor.local.LocalTaskHandler - Launch cmd line: /bin/bash -ue .command.run
May-16 03:20:55.689 [Task submitter] INFO  nextflow.Session - [c4/761c2f] Submitted process > RUN_DESEQ2 (DESeq2 analysis)
May-16 03:21:17.275 [Task monitor] DEBUG n.processor.TaskPollingMonitor - Task completed > TaskHandler[id: 2; name: RUN_DESEQ2 (DESeq2 analysis); status: COMPLETED; exit: 0; error: -; workDir: /home/ec2-user/projects/nextflow_pipeline/work/c4/761c2f0c9fa7a3b0d0f1e9a16cae37]
May-16 03:21:17.314 [Task submitter] DEBUG n.executor.local.LocalTaskHandler - Launch cmd line: /bin/bash -ue .command.run
May-16 03:21:17.316 [Task submitter] INFO  nextflow.Session - [b2/9e15e4] Submitted process > UPLOAD_RESULTS (Uploading to S3)
May-16 03:21:17.322 [TaskFinalizer-2] DEBUG nextflow.util.ThreadPoolBuilder - Creating thread pool 'PublishDir' minSize=10; maxSize=10; workQueue=LinkedBlockingQueue[-1]; allowCoreThreadTimeout=false
May-16 03:21:18.881 [Task monitor] DEBUG n.processor.TaskPollingMonitor - Task completed > TaskHandler[id: 3; name: UPLOAD_RESULTS (Uploading to S3); status: COMPLETED; exit: 0; error: -; workDir: /home/ec2-user/projects/nextflow_pipeline/work/b2/9e15e4b404fd23d1da97c6113541af]
May-16 03:21:18.889 [main] DEBUG nextflow.Session - Session await > all processes finished
May-16 03:21:18.981 [Task monitor] DEBUG n.processor.TaskPollingMonitor - <<< barrier arrives (monitor: local) - terminating tasks monitor poll loop
May-16 03:21:18.981 [main] DEBUG nextflow.Session - Session await > all barriers passed
May-16 03:21:18.985 [main] DEBUG nextflow.util.ThreadPoolManager - Thread pool 'TaskFinalizer' shutdown completed (hard=false)
May-16 03:21:18.986 [main] DEBUG nextflow.util.ThreadPoolManager - Thread pool 'PublishDir' shutdown completed (hard=false)
May-16 03:21:18.996 [main] DEBUG n.trace.WorkflowStatsObserver - Workflow completed > WorkflowStats[succeededCount=3; failedCount=0; ignoredCount=0; cachedCount=0; pendingCount=0; submittedCount=0; runningCount=0; retriesCount=0; abortedCount=0; succeedDuration=47.7s; failedDuration=0ms; cachedDuration=0ms;loadCpus=0; loadMemory=0; peakRunning=1; peakCpus=2; peakMemory=6 GB; ]
May-16 03:21:19.050 [main] DEBUG nextflow.trace.ReportObserver - Workflow completed -- rendering execution report
May-16 03:21:19.867 [main] DEBUG nextflow.trace.TimelineObserver - Workflow completed -- rendering execution timeline
May-16 03:21:19.991 [main] DEBUG nextflow.cache.CacheDB - Closing CacheDB done
May-16 03:21:20.012 [main] DEBUG nextflow.util.ThreadPoolManager - Thread pool 'FileTransfer' shutdown completed (hard=false)
May-16 03:21:20.012 [main] DEBUG nextflow.script.ScriptRunner - > Execution complete -- Goodbye
